// Jest Snapshot v1, https://goo.gl/fbAQLP

exports[`LineComponent should render with line status available 1`] = `
<lindsay-line>
  <div>
    <h1>
      
    </h1>
    <p>
      
    </p>
  </div>
</lindsay-line>
`;
